src/components/PlatformGameStore.tsx(23,16): error TS6133: 'ArrowLeft' is declared but its value is never read.
src/components/PlatformGameStore.tsx(23,27): error TS6133: 'Tag' is declared but its value is never read.
src/components/PlatformGameStoreManager.tsx(13,48): error TS6133: 'X' is declared but its value is never read.
src/components/PlatformGameStoreManager.tsx(196,7): error TS2322: Type '"limited" | "open"' is not assignable to type 'ItemSupplyPolicy'.
  Type '"limited"' is not assignable to type 'ItemSupplyPolicy'.
src/components/RedeemCodeManager.tsx(15,3): error TS6133: 'BarChart3' is declared but its value is never read.
src/components/RedeemCodeManager.tsx(20,3): error TS6133: 'Calendar' is declared but its value is never read.
src/components/RedeemCodeManager.tsx(21,3): error TS6133: 'AlertCircle' is declared but its value is never read.
src/components/RedeemCodeManager.tsx(22,3): error TS6133: 'Search' is declared but its value is never read.
src/components/RedeemCodeManager.tsx(23,3): error TS6133: 'Filter' is declared but its value is never read.
src/components/RedeemCodeManager.tsx(24,3): error TS6133: 'ChevronDown' is declared but its value is never read.
src/components/RedeemCodeManager.tsx(25,3): error TS6133: 'ChevronUp' is declared but its value is never read.
src/components/RedeemCodeManager.tsx(133,10): error TS6133: 'statistics' is declared but its value is never read.
src/components/RedeemCodeManager.tsx(137,10): error TS6133: 'activeTab' is declared but its value is never read.
src/components/RedeemCodeManager.tsx(137,21): error TS6133: 'setActiveTab' is declared but its value is never read.
src/components/SimpleChart.tsx(1,1): error TS6133: 'React' is declared but its value is never read.
src/components/voucher-system/GameProposalCard.tsx(8,17): error TS6133: 'CheckCircle' is declared but its value is never read.
src/components/voucher-system/GameProposalCard.tsx(8,30): error TS6133: 'XCircle' is declared but its value is never read.
src/components/voucher-system/GameProposalCard.tsx(8,39): error TS6133: 'AlertTriangle' is declared but its value is never read.
src/components/voucher-system/GameProposalCard.tsx(16,3): error TS6133: 'VoteStakeholderType' is declared but its value is never read.
src/components/voucher-system/GameProposalCard.tsx(27,9): error TS6133: 'isFinished' is declared but its value is never read.
src/components/voucher-system/GameProposalCreateModal.tsx(13,3): error TS6133: 'GameProposalTypeLabel' is declared but its value is never read.
src/components/voucher-system/GameProposalCreateModal.tsx(14,3): error TS6133: 'GameVoteThreshold' is declared but its value is never read.
src/components/voucher-system/GameProposalCreateModal.tsx(77,20): error TS6133: 'setItemDesc' is declared but its value is never read.
src/components/voucher-system/GameProposalCreateModal.tsx(78,20): error TS6133: 'setItemType' is declared but its value is never read.
src/components/voucher-system/GameProposalDetailModal.tsx(9,29): error TS6133: 'XCircle' is declared but its value is never read.
src/components/voucher-system/GameProposalDetailModal.tsx(10,35): error TS6133: 'Send' is declared but its value is never read.
src/components/voucher-system/GameProposalDetailModal.tsx(15,3): error TS6133: 'GameProposalType' is declared but its value is never read.
src/components/voucher-system/GameProposalDetailModal.tsx(587,28): error TS7053: Element implicitly has an 'any' type because expression of type 'any' can't be used to index type 'Record<VoteStakeholderType, string>'.
src/components/voucher-system/GameProposalList.tsx(6,10): error TS6133: 'motion' is declared but its value is never read.
src/components/voucher-system/GameProposalList.tsx(8,20): error TS6133: 'CheckCircle2' is declared but its value is never read.
src/components/voucher-system/GameProposalList.tsx(8,34): error TS6133: 'XCircle' is declared but its value is never read.
src/components/voucher-system/GameProposalList.tsx(8,43): error TS6133: 'Clock' is declared but its value is never read.
src/components/voucher-system/GameProposalList.tsx(9,3): error TS6133: 'Filter' is declared but its value is never read.
src/components/voucher-system/GameProposalList.tsx(9,11): error TS6133: 'Search' is declared but its value is never read.
src/components/voucher-system/GameProposalList.tsx(13,3): error TS6133: 'ProposalStatus' is declared but its value is never read.
src/components/voucher-system/GameProposalList.tsx(16,1): error TS6133: 'generateSimulatedPlayers' is declared but its value is never read.
src/components/voucher-system/GameProposalList.tsx(29,3): error TS6133: 'gameName' is declared but its value is never read.
src/contexts/authContext.tsx(9,25): error TS6133: 'isCloudBaseReady' is declared but its value is never read.
src/data/simulatedPlayers.ts(222,11): error TS6133: 'isDev' is declared but its value is never read.
src/pages/GameCenter.tsx(4,34): error TS6133: 'PublishedGame' is declared but its value is never read.
src/pages/GameCenter.tsx(5,49): error TS6133: 'PlatformBindingConfig' is declared but its value is never read.
src/pages/GameCenter.tsx(9,17): error TS6133: 'CheckCircle' is declared but its value is never read.
src/pages/GameCenter.tsx(98,10): error TS6133: 'isLoading' is declared but its value is never read.
src/pages/GameCenter.tsx(697,56): error TS6133: 'count' is declared but its value is never read.
src/pages/GamePlay.tsx(16,26): error TS6133: 'schemaRegistry' is declared but its value is never read.
src/pages/GameStore.tsx(26,15): error TS6133: 'Users' is declared but its value is never read.
src/pages/GameStore.tsx(26,29): error TS6133: 'ChevronRight' is declared but its value is never read.
src/pages/GameStore.tsx(28,9): error TS6133: 'CheckCircle' is declared but its value is never read.
src/pages/GameStore.tsx(193,17): error TS6133: 'storeConfig' is declared but its value is never read.
src/pages/GameStore.tsx(586,9): error TS6133: 'addToCart' is declared but its value is never read.
src/pages/GameStore.tsx(600,9): error TS6133: 'handleUseRedeemCode' is declared but its value is never read.
src/pages/ItemMarket.tsx(13,12): error TS6133: 'Star' is declared but its value is never read.
src/pages/ItemMarket.tsx(13,25): error TS6133: 'Tag' is declared but its value is never read.
src/pages/ItemMarket.tsx(13,30): error TS6133: 'TrendingUp' is declared but its value is never read.
src/pages/ItemMarket.tsx(14,3): error TS6133: 'X' is declared but its value is never read.
src/pages/ItemMarket.tsx(14,19): error TS6133: 'ExternalLink' is declared but its value is never read.
src/pages/ItemMarket.tsx(14,33): error TS6133: 'ShieldCheck' is declared but its value is never read.
src/pages/ItemMarket.tsx(14,46): error TS6133: 'Wand2' is declared but its value is never read.
src/pages/ItemMarket.tsx(51,9): error TS6133: 'currentUser' is declared but its value is never read.
src/pages/ItemMarket.tsx(66,10): error TS6133: 'adaptResult' is declared but its value is never read.
src/pages/ItemMarket.tsx(202,85): error TS2345: Argument of type 'string | undefined' is not assignable to parameter of type 'SetStateAction<string>'.
  Type 'undefined' is not assignable to type 'SetStateAction<string>'.
src/pages/ItemWorkshop.tsx(16,33): error TS6133: 'Info' is declared but its value is never read.
src/pages/ItemWorkshop.tsx(22,1): error TS6133: 'ItemSupplyPolicy' is declared but its value is never read.
src/pages/ItemWorkshop.tsx(23,1): error TS6133: 'ItemVoucherTemplate' is declared but its value is never read.
src/pages/ItemWorkshop.tsx(27,1): error TS6133: 'schemaRegistry' is declared but its value is never read.
src/pages/ItemWorkshop.tsx(207,13): error TS6133: 'proposal' is declared but its value is never read.
src/pages/PersonalCenter.tsx(236,51): error TS2352: Conversion of type '{ id: any; serialNumber: any; denomination: number; currentHolderId: string; currentHolderName: string; status: VoucherStatus.ACTIVE; createdAt: any; createdBy: string; createdByName: string; transferCount: number; metadata: { ...; }; }' to type 'Voucher' may be a mistake because neither type sufficiently overlaps with the other. If this was intentional, convert the expression to 'unknown' first.
  Property 'sourceType' is missing in type '{ id: any; serialNumber: any; denomination: number; currentHolderId: string; currentHolderName: string; status: VoucherStatus.ACTIVE; createdAt: any; createdBy: string; createdByName: string; transferCount: number; metadata: { ...; }; }' but required in type 'Voucher'.
src/pages/PersonalCenter.tsx(280,40): error TS2339: Property 'itemId' does not exist on type 'VoucherMetadata'.
src/pages/PersonalCenter.tsx(281,27): error TS2339: Property 'gameName' does not exist on type 'VoucherMetadata'.
src/pages/PersonalCenter.tsx(281,44): error TS2339: Property 'gameSource' does not exist on type 'VoucherMetadata'.
src/pages/PersonalCenter.tsx(282,22): error TS2339: Property 'quantity' does not exist on type 'VoucherMetadata'.
src/pages/PlatformAdmin.tsx(11,87): error TS6133: 'RevenueBreakdown' is declared but its value is never read.
src/pages/PlatformAdmin.tsx(11,110): error TS6133: 'PlatformVoucherHolding' is declared but its value is never read.
src/pages/PlatformAdmin.tsx(17,40): error TS6133: 'History' is declared but its value is never read.
src/pages/PlatformAdmin.tsx(19,19): error TS6133: 'Percent' is declared but its value is never read.
src/pages/PlatformAdmin.tsx(19,28): error TS6133: 'Users' is declared but its value is never read.
src/pages/VoucherSystemPage.tsx(125,29): error TS6133: 'index' is declared but its value is never read.
src/publishing-center/ai/GameCodeAnalyzer.ts(14,3): error TS6133: 'GameGenre' is declared but its value is never read.
src/publishing-center/ai/GameCodeAnalyzer.ts(504,19): error TS6133: 'path' is declared but its value is never read.
src/publishing-center/ai/GameCodeAnalyzer.ts(532,17): error TS6133: 'path' is declared but its value is never read.
src/publishing-center/ai/SkillRecommender.ts(12,3): error TS6133: 'FeatureDetectionResult' is declared but its value is never read.
src/publishing-center/cli/index.ts(627,33): error TS6133: 'config' is declared but its value is never read.
src/publishing-center/components/SkillConfigWizard.tsx(18,3): error TS6133: 'getDefaultTemplate' is declared but its value is never read.
src/publishing-center/components/SkillConfigWizard.tsx(27,3): error TS6133: 'RedeemCode' is declared but its value is never read.
src/publishing-center/components/SkillConfigWizard.tsx(82,3): error TS6133: 'onConfigChange' is declared but its value is never read.
src/publishing-center/components/SkillConfigWizard.tsx(486,27): error TS6133: 'index' is declared but its value is never read.
src/publishing-center/core/PublishingPipeline.ts(26,1): error TS6133: 'gameDeveloperService' is declared but its value is never read.
src/publishing-center/core/PublishingPipeline.ts(173,13): error TS6133: 'savedGame' is declared but its value is never read.
src/publishing-center/core/PublishingPipeline.ts(751,11): error TS6133: 'gameConfig' is declared but its value is never read.
src/publishing-center/core/SkillInitializer.ts(17,22): error TS2724: '"@/skills/types"' has no exported member named 'SkillConfig'. Did you mean 'SkillSDKConfig'?
src/publishing-center/core/SkillInitializer.ts(17,22): error TS6196: 'SkillConfig' is declared but never used.
src/publishing-center/core/SkillInitializer.ts(18,15): error TS6196: 'PublishingConfig' is declared but never used.
src/publishing-center/core/SkillInitializer.ts(18,68): error TS6196: 'GameAnalysisResult' is declared but never used.
src/publishing-center/core/SkillInitializer.ts(153,3): error TS2419: Types of construct signatures are incompatible.
  Type 'new () => AuthSkill' is not assignable to type 'new (config: any) => Skill'.
    Type 'AuthSkill' is not assignable to type 'Skill'.
      Property 'config' is protected in type 'AuthSkill' but public in type 'Skill'.
src/publishing-center/core/SkillInitializer.ts(154,3): error TS2419: Types of construct signatures are incompatible.
  Type 'new () => WalletSkill' is not assignable to type 'new (config: any) => Skill'.
    Type 'WalletSkill' is not assignable to type 'Skill'.
      Property 'config' is protected in type 'WalletSkill' but public in type 'Skill'.
src/publishing-center/core/SkillInitializer.ts(155,3): error TS2419: Types of construct signatures are incompatible.
  Type 'new () => InventorySkill' is not assignable to type 'new (config: any) => Skill'.
    Type 'InventorySkill' is not assignable to type 'Skill'.
      Property 'config' is protected in type 'InventorySkill' but public in type 'Skill'.
src/publishing-center/core/SkillInitializer.ts(156,3): error TS2419: Types of construct signatures are incompatible.
  Type 'new () => StoreSkill' is not assignable to type 'new (config: any) => Skill'.
    Type 'StoreSkill' is not assignable to type 'Skill'.
      Property 'config' is protected in type 'StoreSkill' but public in type 'Skill'.
src/publishing-center/index.ts(11,28): error TS2614: Module '"./ai/GameCodeAnalyzer"' has no exported member 'analyzeGameCode'. Did you mean to use 'import analyzeGameCode from "./ai/GameCodeAnalyzer"' instead?
src/publishing-center/index.ts(17,3): error TS1205: Re-exporting a type when 'isolatedModules' is enabled requires using 'export type'.
src/publishing-center/index.ts(54,3): error TS2724: '"./ui/PublishingCenter"' has no exported member named 'PublishingCenterProps'. Did you mean 'PublishingCenter'?
src/publishing-center/index.ts(64,3): error TS1205: Re-exporting a type when 'isolatedModules' is enabled requires using 'export type'.
src/publishing-center/index.ts(66,3): error TS1205: Re-exporting a type when 'isolatedModules' is enabled requires using 'export type'.
src/publishing-center/index.ts(67,3): error TS1205: Re-exporting a type when 'isolatedModules' is enabled requires using 'export type'.
src/publishing-center/index.ts(68,3): error TS1205: Re-exporting a type when 'isolatedModules' is enabled requires using 'export type'.
src/publishing-center/protocol/ProtocolAIBridge.ts(22,32): error TS6196: 'GameProtocolConfig' is declared but never used.
src/publishing-center/protocol/ProtocolAIBridge.ts(110,74): error TS2345: Argument of type 'string | undefined' is not assignable to parameter of type 'string'.
  Type 'undefined' is not assignable to type 'string'.
src/publishing-center/protocol/ProtocolAIBridge.ts(123,66): error TS2345: Argument of type 'string | undefined' is not assignable to parameter of type 'string'.
  Type 'undefined' is not assignable to type 'string'.
src/publishing-center/protocol/ProtocolAIBridge.ts(139,9): error TS2322: Type 'string | undefined' is not assignable to type 'string'.
  Type 'undefined' is not assignable to type 'string'.
src/publishing-center/protocol/ProtocolAIBridge.ts(153,11): error TS2322: Type 'string | undefined' is not assignable to type 'string'.
  Type 'undefined' is not assignable to type 'string'.
src/publishing-center/protocol/ProtocolEngine.ts(58,11): error TS6133: 'skillGateway' is declared but its value is never read.
src/publishing-center/protocol/ProtocolEngine.ts(116,7): error TS2322: Type 'Window | HTMLIFrameElement' is not assignable to type 'Window | MessagePort'.
  Type 'HTMLIFrameElement' is not assignable to type 'Window | MessagePort'.
    Type 'HTMLIFrameElement' is missing the following properties from type 'Window': clientInformation, closed, customElements, devicePixelRatio, and 101 more.
src/publishing-center/protocol/ProtocolEngine.ts(193,19): error TS6133: 'id' is declared but its value is never read.
src/publishing-center/protocol/SchemaRegistry.ts(13,44): error TS6196: 'CreationTiers' is declared but never used.
src/publishing-center/protocol/SchemaRegistry.ts(411,72): error TS2339: Property 'effectCodeSandbox' does not exist on type '{ effectScriptEnabled: boolean; customEffectAllowed: boolean; effectCodeEnabled?: boolean | undefined; allowedOperators?: string[] | undefined; maxScriptDepth?: number | undefined; }'.
src/publishing-center/runtime/PublishedGameRuntime.ts(16,1): error TS6192: All imports in import declaration are unused.
src/publishing-center/runtime/PublishedGameRuntime.ts(530,3): error TS6133: 'container' is declared but its value is never read.
src/publishing-center/standard-sdk/apis/AchievementAPI.ts(6,1): error TS6133: 'getCachedToken' is declared but its value is never read.
src/publishing-center/standard-sdk/apis/AchievementAPI.ts(24,11): error TS6133: 'initialized' is declared but its value is never read.
src/publishing-center/standard-sdk/apis/AnalyticsAPI.ts(15,11): error TS6133: 'initialized' is declared but its value is never read.
src/publishing-center/standard-sdk/apis/AuthAPI.ts(25,11): error TS6133: 'initialized' is declared but its value is never read.
src/publishing-center/standard-sdk/apis/CloudSaveAPI.ts(6,1): error TS6133: 'getCachedToken' is declared but its value is never read.
src/publishing-center/standard-sdk/apis/CloudSaveAPI.ts(17,11): error TS6133: 'initialized' is declared but its value is never read.
src/publishing-center/standard-sdk/apis/InventoryAPI.ts(6,1): error TS6133: 'getCachedToken' is declared but its value is never read.
src/publishing-center/standard-sdk/apis/InventoryAPI.ts(34,11): error TS6133: 'initialized' is declared but its value is never read.
src/publishing-center/standard-sdk/apis/LeaderboardAPI.ts(6,1): error TS6133: 'getCachedToken' is declared but its value is never read.
src/publishing-center/standard-sdk/apis/LeaderboardAPI.ts(30,11): error TS6133: 'initialized' is declared but its value is never read.
src/publishing-center/standard-sdk/apis/StoreAPI.ts(6,1): error TS6133: 'getCachedToken' is declared but its value is never read.
src/publishing-center/standard-sdk/apis/StoreAPI.ts(38,11): error TS6133: 'initialized' is declared but its value is never read.
src/publishing-center/standard-sdk/apis/StoreAPI.ts(39,11): error TS6133: 'isOpen' is declared but its value is never read.
src/publishing-center/standard-sdk/apis/WalletAPI.ts(39,11): error TS6133: 'initialized' is declared but its value is never read.
src/publishing-center/standard-sdk/index.ts(18,31): error TS6133: 'ProtocolClientConfig' is declared but its value is never read.
src/publishing-center/ui/PublishingCenter.tsx(15,38): error TS6133: 'Shield' is declared but its value is never read.
src/publishing-center/ui/PublishingCenter.tsx(17,10): error TS6133: 'Globe' is declared but its value is never read.
src/publishing-center/ui/PublishingCenter.tsx(17,17): error TS6133: 'Bell' is declared but its value is never read.
src/publishing-center/ui/PublishingCenter.tsx(17,23): error TS6133: 'Languages' is declared but its value is never read.
src/publishing-center/ui/PublishingCenter.tsx(27,3): error TS6133: 'SkillRecommendation' is declared but its value is never read.
src/publishing-center/ui/PublishingCenter.tsx(29,3): error TS6133: 'PublishStatus' is declared but its value is never read.
src/publishing-center/ui/PublishingCenter.tsx(33,3): error TS6133: 'GameFramework' is declared but its value is never read.
src/publishing-center/ui/PublishingCenter.tsx(34,3): error TS6133: 'GameGenre' is declared but its value is never read.
src/publishing-center/ui/PublishingCenter.tsx(35,3): error TS6133: 'PublishingConfig' is declared but its value is never read.
src/publishing-center/ui/PublishingCenter.tsx(44,10): error TS6133: 'HostedItem' is declared but its value is never read.
src/publishing-center/ui/PublishingCenter.tsx(48,35): error TS6133: 'EffectTypeDefinition' is declared but its value is never read.
src/publishing-center/ui/PublishingCenter.tsx(48,62): error TS6133: 'EffectParameter' is declared but its value is never read.
src/publishing-center/ui/PublishingCenter.tsx(380,56): error TS2339: Property 'size' does not exist on type 'JSZipObject'.
src/publishing-center/ui/PublishingCenter.tsx(384,24): error TS2339: Property 'size' does not exist on type 'JSZipObject'.
src/publishing-center/ui/PublishingCenter.tsx(440,24): error TS2339: Property 'autoEnable' does not exist on type 'SkillRecommendation'.
src/publishing-center/ui/PublishingCenter.tsx(448,28): error TS2345: Argument of type 'boolean | undefined' is not assignable to parameter of type 'SetStateAction<boolean>'.
  Type 'undefined' is not assignable to type 'SetStateAction<boolean>'.
src/publishing-center/ui/PublishingCenter.tsx(587,24): error TS2339: Property 'autoEnable' does not exist on type 'SkillRecommendation'.
src/publishing-center/ui/PublishingCenter.tsx(635,9): error TS2739: Type 'string[]' is missing the following properties from type '{ auth: boolean; wallet: boolean; inventory: boolean; store: boolean; leaderboard?: boolean | undefined; achievements?: boolean | undefined; multiplayer?: boolean | undefined; analytics?: boolean | undefined; }': auth, wallet, inventory, store
src/publishing-center/ui/PublishingCenter.tsx(641,24): error TS2551: Property 'gameId' does not exist on type 'StandardGameConfig'. Did you mean 'game'?
src/publishing-center/ui/PublishingCenter.tsx(644,62): error TS2339: Property 'nickname' does not exist on type '{ id: string; username: string; }'.
src/publishing-center/ui/PublishingCenter.tsx(728,26): error TS2551: Property 'gameId' does not exist on type 'StandardGameConfig'. Did you mean 'game'?
src/publishing-center/ui/PublishingCenter.tsx(730,28): error TS2339: Property 'gameName' does not exist on type 'StandardGameConfig'.
src/publishing-center/ui/PublishingCenter.tsx(731,29): error TS2339: Property 'framework' does not exist on type 'StandardGameConfig'.
src/publishing-center/ui/PublishingCenter.tsx(743,32): error TS2551: Property 'error' does not exist on type 'PublishResult'. Did you mean 'errors'?
src/publishing-center/ui/PublishingCenter.tsx(1134,43): error TS2339: Property 'matchScore' does not exist on type 'SkillRecommendation'.
src/publishing-center/ui/PublishingCenter.tsx(1134,78): error TS2339: Property 'matchScore' does not exist on type 'SkillRecommendation'.
src/publishing-center/ui/PublishingCenter.tsx(1135,31): error TS2339: Property 'matchScore' does not exist on type 'SkillRecommendation'.
src/publishing-center/ui/PublishingCenter.tsx(1137,28): error TS2339: Property 'autoEnable' does not exist on type 'SkillRecommendation'.
src/publishing-center/ui/PublishingCenter.tsx(1138,50): error TS2322: Type '{ children: string; variant: "success"; className: string; }' is not assignable to type 'IntrinsicAttributes & { children: ReactNode; variant?: "default" | "success" | "error" | "warning" | undefined; }'.
  Property 'className' does not exist on type 'IntrinsicAttributes & { children: ReactNode; variant?: "default" | "success" | "error" | "warning" | undefined; }'.
src/publishing-center/ui/PublishingCenter.tsx(1186,69): error TS2322: Type '{ children: (string | Element)[]; onClick: () => void; size: string; }' is not assignable to type 'IntrinsicAttributes & ButtonHTMLAttributes<HTMLButtonElement> & { variant?: "outline" | "primary" | "secondary" | "ghost" | undefined; }'.
  Property 'size' does not exist on type 'IntrinsicAttributes & ButtonHTMLAttributes<HTMLButtonElement> & { variant?: "outline" | "primary" | "secondary" | "ghost" | undefined; }'.
src/publishing-center/ui/PublishingCenter.tsx(1523,14): error TS2367: This comparison appears to be unintentional because the types 'PublishStatus' and '"completed"' have no overlap.
src/publishing-center/ui/PublishingCenter.tsx(1576,12): error TS2367: This comparison appears to be unintentional because the types 'PublishStatus' and '"completed"' have no overlap.
src/publishing-center/ui/PublishingCenter.tsx(1577,38): error TS2322: Type '{ children: Element[]; variant: "success"; className: string; }' is not assignable to type 'IntrinsicAttributes & { children: ReactNode; variant?: "success" | "error" | "info" | "warning" | undefined; }'.
  Property 'className' does not exist on type 'IntrinsicAttributes & { children: ReactNode; variant?: "success" | "error" | "info" | "warning" | undefined; }'.
src/publishing-center/ui/PublishingCenter.tsx(1592,36): error TS2322: Type '{ children: Element[]; variant: "error"; className: string; }' is not assignable to type 'IntrinsicAttributes & { children: ReactNode; variant?: "success" | "error" | "info" | "warning" | undefined; }'.
  Property 'className' does not exist on type 'IntrinsicAttributes & { children: ReactNode; variant?: "success" | "error" | "info" | "warning" | undefined; }'.
src/publishing-center/ui/PublishingCenter.tsx(2132,32): error TS2322: Type '{ children: Element; variant: "error"; className: string; }' is not assignable to type 'IntrinsicAttributes & { children: ReactNode; variant?: "success" | "error" | "info" | "warning" | undefined; }'.
  Property 'className' does not exist on type 'IntrinsicAttributes & { children: ReactNode; variant?: "success" | "error" | "info" | "warning" | undefined; }'.
src/publishing-center/validator/StandardGameValidator.ts(33,7): error TS6133: 'REQUIRED_FILES' is declared but its value is never read.
src/publishing-center/validator/StandardGameValidator.ts(183,5): error TS6133: 'analysis' is declared but its value is never read.
src/publishing-center/validator/StandardGameValidator.ts(241,5): error TS6133: 'analysis' is declared but its value is never read.
src/publishing-center/validator/StandardGameValidator.ts(325,11): error TS6133: 'hasModernJS' is declared but its value is never read.
src/publishing-center/validator/StandardGameValidator.ts(385,5): error TS6133: 'analysis' is declared but its value is never read.
src/server/api/inventory.ts(7,35): error TS2307: Cannot find module '../middleware/auth' or its corresponding type declarations.
src/server/api/inventory.ts(8,22): error TS2307: Cannot find module '../database' or its corresponding type declarations.
src/server/api/inventory.ts(80,28): error TS2339: Property 'user' does not exist on type 'Request<ParamsDictionary, any, any, ParsedQs, Record<string, any>>'.
src/server/api/inventory.ts(84,69): error TS2345: Argument of type 'null' is not assignable to parameter of type 'string | undefined'.
src/server/api/inventory.ts(132,58): error TS2345: Argument of type 'null' is not assignable to parameter of type 'string | undefined'.
src/server/api/inventory.ts(142,28): error TS2339: Property 'user' does not exist on type 'Request<ParamsDictionary, any, any, ParsedQs, Record<string, any>>'.
src/server/api/inventory.ts(145,69): error TS2345: Argument of type 'null' is not assignable to parameter of type 'string | undefined'.
src/server/api/inventory.ts(170,58): error TS2345: Argument of type 'null' is not assignable to parameter of type 'string | undefined'.
src/server/api/inventory.ts(180,28): error TS2339: Property 'user' does not exist on type 'Request<ParamsDictionary, any, any, ParsedQs, Record<string, any>>'.
src/server/api/inventory.ts(197,69): error TS2345: Argument of type 'null' is not assignable to parameter of type 'string | undefined'.
src/server/api/inventory.ts(201,69): error TS2345: Argument of type 'null' is not assignable to parameter of type 'string | undefined'.
src/server/api/inventory.ts(242,58): error TS2345: Argument of type 'null' is not assignable to parameter of type 'string | undefined'.
src/server/api/inventory.ts(253,28): error TS2339: Property 'user' does not exist on type 'Request<ParamsDictionary, any, any, ParsedQs, Record<string, any>>'.
src/server/api/inventory.ts(257,69): error TS2345: Argument of type 'null' is not assignable to parameter of type 'string | undefined'.
src/server/api/inventory.ts(261,69): error TS2345: Argument of type 'null' is not assignable to parameter of type 'string | undefined'.
src/server/api/inventory.ts(359,27): error TS2339: Property 'user' does not exist on type 'Request<ParamsDictionary, any, any, ParsedQs, Record<string, any>>'.
src/server/api/inventory.ts(369,58): error TS2345: Argument of type 'null' is not assignable to parameter of type 'string | undefined'.
src/server/api/inventory.ts(379,28): error TS2339: Property 'user' does not exist on type 'Request<ParamsDictionary, any, any, ParsedQs, Record<string, any>>'.
src/server/api/inventory.ts(384,69): error TS2345: Argument of type 'null' is not assignable to parameter of type 'string | undefined'.
src/server/api/inventory.ts(395,69): error TS2345: Argument of type 'null' is not assignable to parameter of type 'string | undefined'.
src/server/api/inventory.ts(420,58): error TS2345: Argument of type 'null' is not assignable to parameter of type 'string | undefined'.
src/server/api/inventory.ts(430,28): error TS2339: Property 'user' does not exist on type 'Request<ParamsDictionary, any, any, ParsedQs, Record<string, any>>'.
src/server/api/inventory.ts(434,69): error TS2345: Argument of type 'null' is not assignable to parameter of type 'string | undefined'.
src/server/api/inventory.ts(444,69): error TS2345: Argument of type 'null' is not assignable to parameter of type 'string | undefined'.
src/server/api/inventory.ts(453,58): error TS2345: Argument of type 'null' is not assignable to parameter of type 'string | undefined'.
src/server/api/inventory.ts(463,28): error TS2339: Property 'user' does not exist on type 'Request<ParamsDictionary, any, any, ParsedQs, Record<string, any>>'.
src/server/api/inventory.ts(468,69): error TS2345: Argument of type 'null' is not assignable to parameter of type 'string | undefined'.
src/server/api/inventory.ts(472,69): error TS2345: Argument of type 'null' is not assignable to parameter of type 'string | undefined'.
src/server/api/inventory.ts(489,69): error TS2345: Argument of type 'null' is not assignable to parameter of type 'string | undefined'.
src/server/api/inventory.ts(495,58): error TS2345: Argument of type 'null' is not assignable to parameter of type 'string | undefined'.
src/server/api/inventory.ts(505,28): error TS2339: Property 'user' does not exist on type 'Request<ParamsDictionary, any, any, ParsedQs, Record<string, any>>'.
src/server/api/inventory.ts(509,69): error TS2345: Argument of type 'null' is not assignable to parameter of type 'string | undefined'.
src/server/api/inventory.ts(531,58): error TS2345: Argument of type 'null' is not assignable to parameter of type 'string | undefined'.
src/server/routes/games.ts(86,10): error TS6133: 'isBase64Encoded' is declared but its value is never read.
src/services/aiChatService.ts(240,31): error TS6133: 'message' is declared but its value is never read.
src/services/cloudbase.ts(106,43): error TS2339: Property 'is_anonymous' does not exist on type 'IUser'.
src/services/cloudbaseItemSync.ts(11,1): error TS6133: 'ExtensionVoucherService' is declared but its value is never read.
src/services/cloudbaseItemSync.ts(161,23): error TS2339: Property 'where' does not exist on type 'ExcludeOf<IQuery, "where">'.
src/services/cloudbaseItemSync.ts(164,23): error TS2339: Property 'where' does not exist on type 'ExcludeOf<IQuery, "where">'.
src/services/friendService.ts(143,27): error TS6133: 'username' is declared but its value is never read.
src/services/gameActivityService.ts(103,11): error TS2741: Property 'endTime' is missing in type '{ userId: string; sessionId: string; gameId: string; gameName: string; startTime: Date; duration: number; score: number; level: number; achievements: never[]; computingPowerEarned: number; gameCoinsEarned: number; activityType: string; }' but required in type 'GameActivityData'.
src/services/gameActivityService.ts(122,49): error TS6133: 'interactionType' is declared but its value is never read.
src/services/gameActivityService.ts(123,11): error TS2741: Property 'endTime' is missing in type '{ userId: string; sessionId: string; gameId: string; gameName: string; startTime: Date; duration: number; score: number; level: number; achievements: never[]; computingPowerEarned: number; gameCoinsEarned: number; activityType: string; }' but required in type 'GameActivityData'.
src/services/gameActivityService.ts(143,11): error TS2741: Property 'endTime' is missing in type '{ userId: string; sessionId: string; gameId: string; gameName: string; startTime: Date; duration: number; score: number; level: number; achievements: never[]; computingPowerEarned: number; gameCoinsEarned: number; activityType: string; }' but required in type 'GameActivityData'.
src/services/gameActivityService.ts(199,9): error TS2353: Object literal may only specify known properties, and 'userId' does not exist in type 'PlayerActivityStats'.
src/services/gameActivityService.ts(233,43): error TS2339: Property 'totalPlayTime' does not exist on type 'PlayerActivityStats'.
src/services/gameActivityService.ts(236,73): error TS2339: Property 'totalScore' does not exist on type 'PlayerActivityStats'.
src/services/gameActivityService.ts(239,38): error TS2339: Property 'socialInteractions' does not exist on type 'PlayerActivityStats'.
src/services/gameActivityService.ts(242,32): error TS2339: Property 'consecutiveDays' does not exist on type 'PlayerActivityStats'.
src/services/gameActivityService.ts(245,36): error TS2339: Property 'achievementCount' does not exist on type 'PlayerActivityStats'.
src/services/gameActivityService.ts(284,73): error TS2339: Property 'totalPlayTime' does not exist on type 'PlayerActivityStats'.
src/services/gameProposalService.ts(18,3): error TS6196: 'PenaltyConfig' is declared but never used.
src/services/gameProposalService.ts(21,3): error TS6196: 'PlayerMetrics' is declared but never used.
src/services/gameProposalService.ts(26,1): error TS6133: 'VoteSettlementStatus' is declared but its value is never read.
src/services/gameProposalService.ts(382,13): error TS6133: 'player' is declared but its value is never read.
src/services/gameProposalService.ts(493,11): error TS6133: 'proposal' is declared but its value is never read.
src/services/gameProposalService.ts(556,13): error TS6133: 'allEligible' is declared but its value is never read.
src/services/gameProposalTestData.ts(15,34): error TS6133: 'PublishedGame' is declared but its value is never read.
src/services/marketplaceService.ts(25,3): error TS6196: 'ListingStatus' is declared but never used.
src/services/marketplaceService.ts(165,21): error TS2339: Property 'gameId' does not exist on type 'VoucherMetadata'.
src/services/marketplaceService.ts(165,36): error TS2339: Property 'gameSource' does not exist on type 'VoucherMetadata'.
src/services/marketplaceService.ts(166,22): error TS2339: Property 'gameName' does not exist on type 'VoucherMetadata'.
src/services/marketplaceService.ts(520,9): error TS2367: This comparison appears to be unintentional because the types 'VoucherStatus.ACTIVE' and 'VoucherStatus.DESTROYED' have no overlap.
src/services/platformConfigService.ts(1,1): error TS6133: 'PlatformParameter' is declared but its value is never read.
src/services/platformGameStoreService.ts(13,3): error TS6133: 'StoreSortBy' is declared but its value is never read.
src/services/platformGameStoreService.ts(14,3): error TS6133: 'StoreFilterCategory' is declared but its value is never read.
src/services/platformGameStoreService.ts(17,1): error TS6133: 'skillGateway' is declared but its value is never read.
src/services/platformGameStoreService.ts(119,11): error TS6133: 'gameMap' is declared but its value is never read.
src/services/platformTreasuryService.ts(21,1): error TS6133: 'PlatformTreasury' is declared but its value is never read.
src/services/platformTreasuryService.ts(28,7): error TS6133: 'PLATFORM_ACCOUNT_NAME' is declared but its value is never read.
src/services/platformTreasuryService.ts(320,51): error TS6133: 'accountName' is declared but its value is never read.
src/services/platformTreasuryService.ts(320,72): error TS6133: 'description' is declared but its value is never read.
src/services/publishedGameService.ts(388,16): error TS6133: 'loadGameFromCloudBase' is declared but its value is never read.
src/services/publishedGameService.ts(418,19): error TS2339: Property 'players' does not exist on type 'Omit<PublishedGame, "status" | "players">'.
src/services/publishedGameService.ts(419,18): error TS2339: Property 'status' does not exist on type 'Omit<PublishedGame, "status" | "players">'.
src/services/publishedGameService.ts(534,13): error TS6133: 'err' is declared but its value is never read.
src/services/redeemCodeService.ts(11,3): error TS6133: 'ItemType' is declared but its value is never read.
src/services/ugcBridgeService.ts(15,1): error TS6133: 'ExtensionVoucherService' is declared but its value is never read.
src/services/ugcBridgeService.ts(17,28): error TS6133: 'VoucherSourceType' is declared but its value is never read.
src/services/ugcBridgeService.ts(19,32): error TS6196: 'ExtensionVoucherPayload' is declared but never used.
src/services/ugcBridgeService.ts(98,56): error TS2339: Property 'is_anonymous' does not exist on type 'IUser'.
src/services/ugcBridgeService.ts(165,79): error TS2345: Argument of type 'UGCIntent' is not assignable to parameter of type '{ gameId: string; gameName: string; userId: string; userName: string; }'.
  Property 'gameId' is missing in type 'UGCIntent' but required in type '{ gameId: string; gameName: string; userId: string; userName: string; }'.
src/services/ugcBridgeService.ts(287,7): error TS2322: Type 'string' is not assignable to type '"developer" | "player_ugc" | "ai_generated" | undefined'.
src/services/ugcBridgeService.ts(574,17): error TS2353: Object literal may only specify known properties, and 'effectCodeSandbox' does not exist in type '{ effectScriptEnabled: boolean; customEffectAllowed: boolean; effectCodeEnabled?: boolean | undefined; allowedOperators?: string[] | undefined; maxScriptDepth?: number | undefined; }'.
src/services/ugcBridgeService.ts(655,15): error TS2353: Object literal may only specify known properties, and 'effectCodeSandbox' does not exist in type '{ effectScriptEnabled: boolean; customEffectAllowed: boolean; effectCodeEnabled?: boolean | undefined; allowedOperators?: string[] | undefined; maxScriptDepth?: number | undefined; }'.
src/services/voucherPaymentService.test.ts(9,1): error TS6133: 'VoucherStatus' is declared but its value is never read.
src/services/voucherPaymentService.ts(11,47): error TS6133: 'VoucherSourceType' is declared but its value is never read.
src/services/writeQueue.ts(85,11): error TS6133: 'authRecoveryTimer' is declared but its value is never read.
src/skills/auth/AuthSkill.ts(42,11): error TS2345: Argument of type '{ name: string; version: string; displayName: string; description: string; }' is not assignable to parameter of type 'SkillDefinition'.
  Type '{ name: string; version: string; displayName: string; description: string; }' is missing the following properties from type 'SkillDefinition': requiredPermissions, actions
src/skills/auth/AuthSkill.ts(75,7): error TS2353: Object literal may only specify known properties, and 'params' does not exist in type 'Partial<Omit<ActionDefinition, "name" | "handler">>'.
src/skills/auth/AuthSkill.ts(87,7): error TS2353: Object literal may only specify known properties, and 'params' does not exist in type 'Partial<Omit<ActionDefinition, "name" | "handler">>'.
src/skills/auth/AuthSkill.ts(269,24): error TS2345: Argument of type '{ email: string; password: string; nickname: string; }' is not assignable to parameter of type '{ username: string; email: string; password: string; }'.
  Property 'username' is missing in type '{ email: string; password: string; nickname: string; }' but required in type '{ username: string; email: string; password: string; }'.
src/skills/BaseSkill.ts(14,3): error TS6133: 'JSONSchema' is declared but its value is never read.
src/skills/BaseSkill.ts(32,23): error TS2420: Class 'BaseSkill' incorrectly implements interface 'Skill'.
  Property 'config' is protected in type 'BaseSkill' but public in type 'Skill'.
src/skills/BaseSkill.ts(125,49): error TS6133: 'timestamp' is declared but its value is never read.
src/skills/BaseSkill.ts(338,3): error TS2322: Type '(Anonymous class)' is not assignable to type 'Skill'.
  Property 'config' is protected in type '(Anonymous class)' but public in type 'Skill'.
src/skills/compat/index.ts(17,3): error TS2724: '"./walletCompat"' has no exported member named 'WalletServiceCompat'. Did you mean 'walletService'?
src/skills/compat/index.ts(23,3): error TS2724: '"./inventoryCompat"' has no exported member named 'InventoryApiServiceCompat'. Did you mean 'inventoryApiService'?
src/skills/compat/index.ts(24,3): error TS1205: Re-exporting a type when 'isolatedModules' is enabled requires using 'export type'.
src/skills/compat/index.ts(25,3): error TS1205: Re-exporting a type when 'isolatedModules' is enabled requires using 'export type'.
src/skills/compat/inventoryCompat.ts(58,42): error TS2345: Argument of type 'AuthSkill' is not assignable to parameter of type 'Skill'.
  Property 'config' is protected in type 'AuthSkill' but public in type 'Skill'.
src/skills/compat/inventoryCompat.ts(68,42): error TS2345: Argument of type 'InventorySkill' is not assignable to parameter of type 'Skill'.
  Property 'config' is protected in type 'InventorySkill' but public in type 'Skill'.
src/skills/compat/inventoryCompat.ts(135,17): error TS6133: 'request' is declared but its value is never read.
src/skills/compat/inventoryCompat.ts(330,5): error TS6133: 'syncedAt' is declared but its value is never read.
src/skills/compat/inventoryCompat.ts(372,5): error TS6133: 'gameSource' is declared but its value is never read.
src/skills/compat/inventoryCompat.ts(410,9): error TS2783: 'itemId' is specified more than once, so this usage will be overwritten.
src/skills/compat/inventoryCompat.ts(411,9): error TS2783: 'name' is specified more than once, so this usage will be overwritten.
src/skills/compat/inventoryCompat.ts(412,9): error TS2783: 'gameSource' is specified more than once, so this usage will be overwritten.
src/skills/compat/walletCompat.ts(6,62): error TS2305: Module '"@/types/wallet"' has no exported member 'ExchangeRate'.
src/skills/compat/walletCompat.ts(7,1): error TS6133: 'GameCoinType' is declared but its value is never read.
src/skills/compat/walletCompat.ts(56,42): error TS2345: Argument of type 'AuthSkill' is not assignable to parameter of type 'Skill'.
  Property 'config' is protected in type 'AuthSkill' but public in type 'Skill'.
src/skills/compat/walletCompat.ts(66,42): error TS2345: Argument of type 'WalletSkill' is not assignable to parameter of type 'Skill'.
  Property 'config' is protected in type 'WalletSkill' but public in type 'Skill'.
src/skills/compat/walletCompat.ts(353,20): error TS2339: Property 'newDayGameCoins' does not exist on type 'WalletBalance'.
src/skills/examples/basic-usage.ts(8,3): error TS6133: 'SkillSDK' is declared but its value is never read.
src/skills/examples/basic-usage.ts(102,52): error TS6133: 'context' is declared but its value is never read.
src/skills/examples/basic-usage.ts(108,63): error TS6133: 'context' is declared but its value is never read.
src/skills/examples/basic-usage.ts(114,50): error TS6133: 'context' is declared but its value is never read.
src/skills/examples/basic-usage.ts(120,53): error TS6133: 'context' is declared but its value is never read.
src/skills/examples/game-integration.ts(239,35): error TS2341: Property 'sdk' is private and only accessible within class 'AllinONEGameSDK'.
src/skills/examples/game-integration.ts(283,40): error TS2341: Property 'sdk' is private and only accessible within class 'AllinONEGameSDK'.
src/skills/examples/game-integration.ts(292,38): error TS2341: Property 'sdk' is private and only accessible within class 'AllinONEGameSDK'.
src/skills/game-connector/GameConnectorSkill.ts(41,11): error TS2345: Argument of type '{ name: string; version: string; displayName: string; description: string; }' is not assignable to parameter of type 'SkillDefinition'.
  Type '{ name: string; version: string; displayName: string; description: string; }' is missing the following properties from type 'SkillDefinition': requiredPermissions, actions
src/skills/game-connector/GameConnectorSkill.ts(52,7): error TS2353: Object literal may only specify known properties, and 'params' does not exist in type 'Partial<Omit<ActionDefinition, "name" | "handler">>'.
src/skills/game-connector/GameConnectorSkill.ts(74,7): error TS2353: Object literal may only specify known properties, and 'params' does not exist in type 'Partial<Omit<ActionDefinition, "name" | "handler">>'.
src/skills/game-connector/GameConnectorSkill.ts(94,7): error TS2353: Object literal may only specify known properties, and 'params' does not exist in type 'Partial<Omit<ActionDefinition, "name" | "handler">>'.
src/skills/game-connector/GameConnectorSkill.ts(100,7): error TS2353: Object literal may only specify known properties, and 'params' does not exist in type 'Partial<Omit<ActionDefinition, "name" | "handler">>'.
src/skills/game-connector/GameConnectorSkill.ts(197,5): error TS6133: 'context' is declared but its value is never read.
src/skills/game-connector/GameConnectorSkill.ts(247,5): error TS6133: 'params' is declared but its value is never read.
src/skills/game-connector/GameConnectorSkill.ts(248,5): error TS6133: 'context' is declared but its value is never read.
src/skills/game-connector/GameConnectorSkill.ts(260,5): error TS6133: 'context' is declared but its value is never read.
src/skills/generator/__tests__/ConfigValidator.test.ts(7,28): error TS6196: 'CurrencyConfig' is declared but never used.
src/skills/generator/__tests__/ConfigValidator.test.ts(7,44): error TS6196: 'ProductConfig' is declared but never used.
src/skills/generator/__tests__/e2e.test.ts(10,1): error TS6133: 'BaseSkill' is declared but its value is never read.
src/skills/generator/__tests__/e2e.test.ts(218,13): error TS6133: 'hasNegativeBalanceError' is declared but its value is never read.
src/skills/generator/__tests__/e2e.test.ts(299,32): error TS6133: 'index' is declared but its value is never read.
src/skills/generator/__tests__/integration.test.ts(8,25): error TS6133: 'validateConfig' is declared but its value is never read.
src/skills/generator/__tests__/SkillConfigParser.test.ts(7,1): error TS6133: 'SkillConfig' is declared but its value is never read.
src/skills/generator/ConfigValidator.ts(161,5): error TS6133: 'errors' is declared but its value is never read.
src/skills/generator/example.ts(242,7): error TS6133: 'aiPromptTemplate' is declared but its value is never read.
src/skills/generator/index.ts(120,3): error TS6133: 'filePath' is declared but its value is never read.
src/skills/generator/index.ts(121,3): error TS6133: 'options' is declared but its value is never read.
src/skills/generator/SkillCodeGenerator.ts(8,3): error TS6196: 'CurrencyConfig' is declared but never used.
src/skills/generator/SkillCodeGenerator.ts(9,3): error TS6196: 'ProductConfig' is declared but never used.
src/skills/generator/SkillCodeGenerator.ts(13,3): error TS6196: 'GenerationError' is declared but never used.
src/skills/generator/SkillConfigParser.ts(6,72): error TS6196: 'InventoryConfig' is declared but never used.
src/skills/generator/SkillConfigParser.ts(147,22): error TS2322: Type 'string' is not assignable to type 'IntegrationType | undefined'.
src/skills/index.ts(43,38): error TS2345: Argument of type 'AuthSkill' is not assignable to parameter of type 'Skill'.
  Property 'config' is protected in type 'AuthSkill' but public in type 'Skill'.
src/skills/index.ts(44,38): error TS2345: Argument of type 'WalletSkill' is not assignable to parameter of type 'Skill'.
  Property 'config' is protected in type 'WalletSkill' but public in type 'Skill'.
src/skills/index.ts(45,38): error TS2345: Argument of type 'InventorySkill' is not assignable to parameter of type 'Skill'.
  Property 'config' is protected in type 'InventorySkill' but public in type 'Skill'.
src/skills/index.ts(46,38): error TS2345: Argument of type 'StoreSkill' is not assignable to parameter of type 'Skill'.
  Property 'config' is protected in type 'StoreSkill' but public in type 'Skill'.
src/skills/index.ts(47,38): error TS2345: Argument of type 'GameConnectorSkill' is not assignable to parameter of type 'Skill'.
  Property 'config' is protected in type 'GameConnectorSkill' but public in type 'Skill'.
src/skills/index.ts(51,40): error TS2345: Argument of type 'VoucherSkill' is not assignable to parameter of type 'Skill'.
  Property 'config' is protected in type 'VoucherSkill' but public in type 'Skill'.
src/skills/index.ts(55,40): error TS2345: Argument of type 'ProposalSkill' is not assignable to parameter of type 'Skill'.
  Property 'config' is protected in type 'ProposalSkill' but public in type 'Skill'.
src/skills/inventory/InventorySkill.ts(10,3): error TS6133: 'JSONSchema' is declared but its value is never read.
src/skills/inventory/InventorySkill.ts(137,11): error TS6133: 'apiBaseUrl' is declared but its value is never read.
src/skills/inventory/InventorySkill.ts(406,47): error TS6133: 'context' is declared but its value is never read.
src/skills/inventory/InventorySkill.ts(651,5): error TS6133: 'context' is declared but its value is never read.
src/skills/proposal/ProposalSkill.ts(71,7): error TS2353: Object literal may only specify known properties, and 'params' does not exist in type 'Partial<Omit<ActionDefinition, "name" | "handler">>'.
src/skills/proposal/ProposalSkill.ts(76,7): error TS2353: Object literal may only specify known properties, and 'params' does not exist in type 'Partial<Omit<ActionDefinition, "name" | "handler">>'.
src/skills/proposal/ProposalSkill.ts(81,7): error TS2353: Object literal may only specify known properties, and 'params' does not exist in type 'Partial<Omit<ActionDefinition, "name" | "handler">>'.
src/skills/proposal/ProposalSkill.ts(86,7): error TS2353: Object literal may only specify known properties, and 'params' does not exist in type 'Partial<Omit<ActionDefinition, "name" | "handler">>'.
src/skills/proposal/ProposalSkill.ts(91,7): error TS2353: Object literal may only specify known properties, and 'params' does not exist in type 'Partial<Omit<ActionDefinition, "name" | "handler">>'.
src/skills/proposal/ProposalSkill.ts(147,76): error TS6133: 'context' is declared but its value is never read.
src/skills/proposal/ProposalSkill.ts(163,53): error TS6133: 'context' is declared but its value is never read.
src/skills/proposal/ProposalSkill.ts(172,57): error TS6133: 'context' is declared but its value is never read.
src/skills/sdk/SkillSDK.ts(11,3): error TS6133: 'SkillContext' is declared but its value is never read.
src/skills/SkillGateway.ts(348,17): error TS6133: 'name' is declared but its value is never read.
src/skills/store/StoreSkill.ts(10,3): error TS6133: 'JSONSchema' is declared but its value is never read.
src/skills/store/StoreSkill.ts(410,38): error TS6133: 'paymentMethod' is declared but its value is never read.
src/skills/store/StoreSkill.ts(538,20): error TS2339: Property 'icon' does not exist on type 'ListProductParams'.
src/skills/store/StoreSkill.ts(541,34): error TS2339: Property 'maxPurchasePerUser' does not exist on type 'ListProductParams'.
src/skills/store/StoreSkill.ts(542,32): error TS2339: Property 'maxPurchaseTotal' does not exist on type 'ListProductParams'.
src/skills/store/StoreSkill.ts(578,81): error TS6133: 'context' is declared but its value is never read.
src/skills/store/StoreSkill.ts(580,15): error TS6133: 'order' is declared but its value is never read.
src/skills/store/StoreSkill.ts(744,9): error TS2741: Property 'isLimited' is missing in type '{ name: string; description: string; category: "currency"; price: { amount: number; currency: string; }; quantity: number; status: "active"; rewards: { type: "currency"; itemId: string; quantity: number; }[]; tags: string[]; }' but required in type 'Omit<StoreProduct, "createdAt" | "updatedAt" | "id" | "purchasedCount">'.
src/skills/store/StoreSkill.ts(756,9): error TS2741: Property 'isLimited' is missing in type '{ name: string; description: string; category: "currency"; price: { amount: number; currency: string; }; originalPrice: { amount: number; currency: string; }; quantity: number; status: "active"; rewards: { ...; }[]; tags: string[]; }' but required in type 'Omit<StoreProduct, "createdAt" | "updatedAt" | "id" | "purchasedCount">'.
src/skills/voucher/VoucherSkill.ts(75,7): error TS2353: Object literal may only specify known properties, and 'params' does not exist in type 'Partial<Omit<ActionDefinition, "name" | "handler">>'.
src/skills/voucher/VoucherSkill.ts(80,7): error TS2353: Object literal may only specify known properties, and 'params' does not exist in type 'Partial<Omit<ActionDefinition, "name" | "handler">>'.
src/skills/voucher/VoucherSkill.ts(85,7): error TS2353: Object literal may only specify known properties, and 'params' does not exist in type 'Partial<Omit<ActionDefinition, "name" | "handler">>'.
src/skills/voucher/VoucherSkill.ts(90,7): error TS2353: Object literal may only specify known properties, and 'params' does not exist in type 'Partial<Omit<ActionDefinition, "name" | "handler">>'.
src/skills/voucher/VoucherSkill.ts(95,7): error TS2353: Object literal may only specify known properties, and 'params' does not exist in type 'Partial<Omit<ActionDefinition, "name" | "handler">>'.
src/skills/voucher/VoucherSkill.ts(100,7): error TS2353: Object literal may only specify known properties, and 'params' does not exist in type 'Partial<Omit<ActionDefinition, "name" | "handler">>'.
src/skills/voucher/VoucherSkill.ts(105,7): error TS2353: Object literal may only specify known properties, and 'params' does not exist in type 'Partial<Omit<ActionDefinition, "name" | "handler">>'.
src/skills/voucher/VoucherSkill.ts(137,71): error TS6133: 'context' is declared but its value is never read.
src/skills/voucher/VoucherSkill.ts(144,26): error TS2739: Type 'ExcludeOf<IQuery, "where">' is missing the following properties from type 'ICollection': add, doc, aggregate, where
src/skills/voucher/VoucherSkill.ts(145,42): error TS2739: Type 'ExcludeOf<IQuery, "where">' is missing the following properties from type 'ICollection': add, doc, aggregate, where
src/skills/voucher/VoucherSkill.ts(233,33): error TS18048: 'mintResult.data' is possibly 'undefined'.
src/skills/voucher/VoucherSkill.ts(237,21): error TS18048: 'mintResult.data' is possibly 'undefined'.
src/skills/voucher/VoucherSkill.ts(274,65): error TS6133: 'context' is declared but its value is never read.
src/skills/wallet/WalletSkill.ts(92,7): error TS2353: Object literal may only specify known properties, and 'params' does not exist in type 'Partial<Omit<ActionDefinition, "name" | "handler">>'.
src/skills/wallet/WalletSkill.ts(97,7): error TS2353: Object literal may only specify known properties, and 'params' does not exist in type 'Partial<Omit<ActionDefinition, "name" | "handler">>'.
src/skills/wallet/WalletSkill.ts(109,7): error TS2353: Object literal may only specify known properties, and 'params' does not exist in type 'Partial<Omit<ActionDefinition, "name" | "handler">>'.
src/skills/wallet/WalletSkill.ts(121,7): error TS2353: Object literal may only specify known properties, and 'params' does not exist in type 'Partial<Omit<ActionDefinition, "name" | "handler">>'.
src/skills/wallet/WalletSkill.ts(129,7): error TS2353: Object literal may only specify known properties, and 'params' does not exist in type 'Partial<Omit<ActionDefinition, "name" | "handler">>'.
src/skills/wallet/WalletSkill.ts(245,11): error TS6133: 'userId' is declared but its value is never read.
src/utils/cleanupDuplicateTransactions.ts(54,64): error TS7006: Parameter 'tx' implicitly has an 'any' type.
src/utils/cleanupDuplicateTransactions.ts(118,55): error TS7006: Parameter 't' implicitly has an 'any' type.
src/voucher-system/components/AlgorithmVoucherManager.tsx(9,3): error TS6133: 'settlementScheduler' is declared but its value is never read.
src/voucher-system/components/AlgorithmVoucherManager.tsx(137,9): error TS2322: Type '"daily"' is not assignable to type 'SettlementCycleType'.
src/voucher-system/components/EnhancedVoucherCreator.tsx(182,7): error TS2322: Type '"daily"' is not assignable to type 'SettlementCycleType'.
src/voucher-system/components/ItemVoucherManager.tsx(10,33): error TS6133: 'Copy' is declared but its value is never read.
src/voucher-system/components/ItemVoucherManager.tsx(12,3): error TS6133: 'ChevronDown' is declared but its value is never read.
src/voucher-system/components/ItemVoucherManager.tsx(12,16): error TS6133: 'ChevronUp' is declared but its value is never read.
src/voucher-system/components/ItemVoucherManager.tsx(12,27): error TS6133: 'Search' is declared but its value is never read.
src/voucher-system/components/ItemVoucherManager.tsx(13,25): error TS6133: 'ExternalLink' is declared but its value is never read.
src/voucher-system/components/ItemVoucherManager.tsx(16,35): error TS6133: 'ItemVoucherPurchase' is declared but its value is never read.
src/voucher-system/components/ItemVoucherManager.tsx(20,36): error TS6133: 'getPlayersByType' is declared but its value is never read.
src/voucher-system/components/ItemVoucherManager.tsx(21,31): error TS6133: 'GameVoteThreshold' is declared but its value is never read.
src/voucher-system/components/ItemVoucherManager.tsx(61,10): error TS6133: 'loading' is declared but its value is never read.
src/voucher-system/components/PlatformIntegrationTab.tsx(6,38): error TS6133: 'useCallback' is declared but its value is never read.
src/voucher-system/components/PlatformIntegrationTab.tsx(12,3): error TS6133: 'AlertCircle' is declared but its value is never read.
src/voucher-system/components/PlatformIntegrationTab.tsx(15,27): error TS6133: 'ArrowRight' is declared but its value is never read.
src/voucher-system/components/PlatformIntegrationTab.tsx(15,39): error TS6133: 'RefreshCw' is declared but its value is never read.
src/voucher-system/components/PlatformIntegrationTab.tsx(15,50): error TS6133: 'FileText' is declared but its value is never read.
src/voucher-system/components/PlatformIntegrationTab.tsx(19,1): error TS6133: 'voucherRuleEngine' is declared but its value is never read.
src/voucher-system/components/PlatformIntegrationTab.tsx(26,10): error TS6133: 'PRESET_GAMES' is declared but its value is never read.
src/voucher-system/components/PlatformIntegrationTab.tsx(29,15): error TS6196: 'UserRewardPool' is declared but never used.
src/voucher-system/components/PlatformIntegrationTab.tsx(55,9): error TS6133: 'currentUser' is declared but its value is never read.
src/voucher-system/components/PlatformIntegrationTab.tsx(1020,27): error TS2367: This comparison appears to be unintentional because the types 'TriggerMode | undefined' and '"periodic_settlement"' have no overlap.
src/voucher-system/components/PlatformIntegrationTab.tsx(1030,28): error TS2367: This comparison appears to be unintentional because the types 'TriggerMode | undefined' and '"periodic_settlement"' have no overlap.
src/voucher-system/components/PoolFundPanel.tsx(6,38): error TS6133: 'useMemo' is declared but its value is never read.
src/voucher-system/components/PoolFundPanel.tsx(9,10): error TS6133: 'Building2' is declared but its value is never read.
src/voucher-system/components/PoolFundPanel.tsx(10,36): error TS6133: 'History' is declared but its value is never read.
src/voucher-system/components/RuleEngineTester.tsx(14,3): error TS6133: 'RefreshCw' is declared but its value is never read.
src/voucher-system/components/RuleEngineTester.tsx(16,3): error TS6133: 'XCircle' is declared but its value is never read.
src/voucher-system/components/RuleEngineTester.tsx(23,3): error TS6133: 'useGameIntegration' is declared but its value is never read.
src/voucher-system/components/RuleEngineTester.tsx(27,3): error TS6133: 'VoucherRuleEngine' is declared but its value is never read.
src/voucher-system/components/RuleEngineTester.tsx(30,19): error TS6133: 'Transaction' is declared but its value is never read.
src/voucher-system/components/RuleEngineTester.tsx(137,65): error TS2339: Property 'history' does not exist on type 'Voucher'.
src/voucher-system/components/RuleEngineTester.tsx(138,13): error TS7006: Parameter 'h' implicitly has an 'any' type.
src/voucher-system/components/RuleEngineTester.tsx(141,15): error TS2339: Property 'issuerId' does not exist on type 'Voucher'.
src/voucher-system/components/RuleEngineTester.tsx(141,43): error TS2339: Property 'history' does not exist on type 'Voucher'.
src/voucher-system/components/RuleEngineTester.tsx(141,57): error TS7006: Parameter 'h' implicitly has an 'any' type.
src/voucher-system/components/UserPoolManager.tsx(11,3): error TS6133: 'TrendingUp' is declared but its value is never read.
src/voucher-system/components/UserPoolManager.tsx(11,15): error TS6133: 'Users' is declared but its value is never read.
src/voucher-system/components/UserPoolManager.tsx(11,45): error TS6133: 'ArrowRight' is declared but its value is never read.
src/voucher-system/components/UserPoolManager.tsx(11,57): error TS6133: 'RefreshCw' is declared but its value is never read.
src/voucher-system/components/UserPoolManager.tsx(12,20): error TS6133: 'Cpu' is declared but its value is never read.
src/voucher-system/components/UserPoolManager.tsx(17,49): error TS6196: 'PoolVoucherConfig' is declared but never used.
src/voucher-system/components/UserPoolManager.tsx(39,10): error TS6133: 'globalStats' is declared but its value is never read.
src/voucher-system/components/UserPoolManager.tsx(84,24): error TS2339: Property 'isLocked' does not exist on type 'VoucherMetadata'.
src/voucher-system/components/VoucherCard.tsx(22,34): error TS6133: 'Transaction' is declared but its value is never read.
src/voucher-system/components/VoucherCard.tsx(77,3): error TS6133: 'onFreeze' is declared but its value is never read.
src/voucher-system/components/VoucherCard.tsx(79,3): error TS6133: 'onDestroy' is declared but its value is never read.
src/voucher-system/components/VoucherCard.tsx(92,9): error TS6133: 'isInstantVoucher' is declared but its value is never read.
src/voucher-system/components/VoucherManagementDashboard.tsx(10,42): error TS6133: 'X' is declared but its value is never read.
src/voucher-system/components/VoucherManagementDashboard.tsx(11,10): error TS6133: 'ArrowRightLeft' is declared but its value is never read.
src/voucher-system/components/VoucherManagementDashboard.tsx(12,28): error TS6133: 'Info' is declared but its value is never read.
src/voucher-system/components/VoucherManagementDashboard.tsx(13,3): error TS6133: 'ChevronDown' is declared but its value is never read.
src/voucher-system/components/VoucherManagementDashboard.tsx(13,16): error TS6133: 'ChevronUp' is declared but its value is never read.
src/voucher-system/components/VoucherManagementDashboard.tsx(13,27): error TS6133: 'Copy' is declared but its value is never read.
src/voucher-system/components/VoucherManagementDashboard.tsx(13,33): error TS6133: 'Maximize2' is declared but its value is never read.
src/voucher-system/components/VoucherManagementDashboard.tsx(38,7): error TS2741: Property '[VoucherStatus.REDEEMED]' is missing in type '{ active: { label: string; color: string; bg: string; }; frozen: { label: string; color: string; bg: string; }; expired: { label: string; color: string; bg: string; }; destroyed: { label: string; color: string; bg: string; }; }' but required in type 'Record<VoucherStatus, { label: string; color: string; bg: string; }>'.
src/voucher-system/components/VoucherManager.tsx(9,3): error TS6133: 'Filter' is declared but its value is never read.
src/voucher-system/components/VoucherManager.tsx(10,3): error TS6133: 'ChevronDown' is declared but its value is never read.
src/voucher-system/components/VoucherManager.tsx(11,3): error TS6133: 'ChevronUp' is declared but its value is never read.
src/voucher-system/components/VoucherManager.tsx(14,3): error TS6133: 'Hash' is declared but its value is never read.
src/voucher-system/components/VoucherManager.tsx(28,1): error TS6133: 'algorithmVoucherService' is declared but its value is never read.
src/voucher-system/components/VoucherManager.tsx(30,47): error TS6133: 'TransactionType' is declared but its value is never read.
src/voucher-system/components/VoucherManager.tsx(849,53): error TS6133: 'index' is declared but its value is never read.
src/voucher-system/components/VoucherManager.tsx(1182,9): error TS2741: Property '[VoucherStatus.REDEEMED]' is missing in type '{ active: { bg: string; text: string; label: string; }; frozen: { bg: string; text: string; label: string; }; expired: { bg: string; text: string; label: string; }; destroyed: { bg: string; text: string; label: string; }; }' but required in type 'Record<VoucherStatus, { bg: string; text: string; label: string; }>'.
src/voucher-system/components/VoucherManager.tsx(1200,9): error TS6133: 'isInstant' is declared but its value is never read.
src/voucher-system/engine/RuleEngine.ts(8,3): error TS6133: 'Voucher' is declared but its value is never read.
src/voucher-system/engine/RuleEngine.ts(9,3): error TS6133: 'VoucherRules' is declared but its value is never read.
src/voucher-system/engine/RuleEngine.ts(15,3): error TS6133: 'TransactionType' is declared but its value is never read.
src/voucher-system/engine/RuleEngine.ts(227,105): error TS2345: Argument of type 'Voucher' is not assignable to parameter of type 'string'.
src/voucher-system/engine/RuleEngine.ts(240,49): error TS18047: 'voucherToTransfer' is possibly 'null'.
src/voucher-system/engine/RuleEngine.ts(240,84): error TS18047: 'voucherToTransfer' is possibly 'null'.
src/voucher-system/engine/RuleEngine.ts(247,15): error TS18047: 'voucherToTransfer' is possibly 'null'.
src/voucher-system/engine/RuleEngine.ts(248,18): error TS18047: 'voucherToTransfer' is possibly 'null'.
src/voucher-system/engine/RuleEngine.ts(310,5): error TS6133: 'voucherId' is declared but its value is never read.
src/voucher-system/engine/RuleEngine.ts(511,11): error TS6133: 'now' is declared but its value is never read.
src/voucher-system/engine/RuleEngine.ts(735,5): error TS6133: 'context' is declared but its value is never read.
src/voucher-system/engine/RuleEngine.ts(779,5): error TS6133: 'context' is declared but its value is never read.
src/voucher-system/hooks/useGameIntegration.ts(6,10): error TS6133: 'useEffect' is declared but its value is never read.
src/voucher-system/hooks/useGameIntegration.ts(7,10): error TS6133: 'voucherRuleEngine' is declared but its value is never read.
src/voucher-system/index.ts(58,3): error TS2300: Duplicate identifier 'PresetTemplateId'.
src/voucher-system/index.ts(171,10): error TS2300: Duplicate identifier 'PresetTemplateId'.
src/voucher-system/init.ts(126,22): error TS2345: Argument of type '"TEMPLATE_CREATED"' is not assignable to parameter of type 'VoucherEventType'.
src/voucher-system/init.ts(127,53): error TS2339: Property 'templateName' does not exist on type 'VoucherEventPayload'.
src/voucher-system/init.ts(131,22): error TS2345: Argument of type '"SETTLEMENT_COMPLETED"' is not assignable to parameter of type 'VoucherEventType'.
src/voucher-system/init.ts(132,52): error TS2339: Property 'templateName' does not exist on type 'VoucherEventPayload'.
src/voucher-system/init.ts(132,76): error TS2339: Property 'cycleNumber' does not exist on type 'VoucherEventPayload'.
src/voucher-system/init.ts(156,9): error TS2322: Type '"daily"' is not assignable to type 'SettlementCycleType'.
src/voucher-system/services/AlgorithmVoucherService.ts(13,3): error TS6196: 'VoucherStatus' is declared but never used.
src/voucher-system/services/AlgorithmVoucherService.ts(14,3): error TS6196: 'Transaction' is declared but never used.
src/voucher-system/services/AlgorithmVoucherService.ts(29,3): error TS6196: 'SettlementHistoryQuery' is declared but never used.
src/voucher-system/services/AlgorithmVoucherService.ts(30,3): error TS6196: 'SettlementHistoryResult' is declared but never used.
src/voucher-system/services/AlgorithmVoucherService.ts(47,7): error TS6133: 'SETTLEMENT_RESULTS_KEY' is declared but its value is never read.
src/voucher-system/services/AlgorithmVoucherService.ts(69,10): error TS6133: 'generateSerialNumber' is declared but its value is never read.
src/voucher-system/services/AlgorithmVoucherService.ts(136,39): error TS6133: 'startDate' is declared but its value is never read.
src/voucher-system/services/AlgorithmVoucherService.ts(136,58): error TS6133: 'endDate' is declared but its value is never read.
src/voucher-system/services/AlgorithmVoucherService.ts(141,34): error TS6133: 'startDate' is declared but its value is never read.
src/voucher-system/services/AlgorithmVoucherService.ts(141,53): error TS6133: 'endDate' is declared but its value is never read.
src/voucher-system/services/AlgorithmVoucherService.ts(146,28): error TS6133: 'startDate' is declared but its value is never read.
src/voucher-system/services/AlgorithmVoucherService.ts(146,47): error TS6133: 'endDate' is declared but its value is never read.
src/voucher-system/services/AlgorithmVoucherService.ts(173,27): error TS2673: Constructor of class 'VoucherService' is private and only accessible within the class declaration.
src/voucher-system/services/AlgorithmVoucherService.ts(248,19): error TS2554: Expected 2 arguments, but got 1.
src/voucher-system/services/AlgorithmVoucherService.ts(287,19): error TS2554: Expected 2 arguments, but got 1.
src/voucher-system/services/AlgorithmVoucherService.ts(318,19): error TS2554: Expected 2 arguments, but got 1.
src/voucher-system/services/AlgorithmVoucherService.ts(511,19): error TS2554: Expected 2 arguments, but got 1.
src/voucher-system/services/AlgorithmVoucherService.ts(1175,11): error TS6133: 'now' is declared but its value is never read.
src/voucher-system/services/PlatformBindingService.ts(21,60): error TS6196: 'VoucherRules' is declared but never used.
src/voucher-system/services/PlatformBindingService.ts(79,11): error TS6133: 'initialized' is declared but its value is never read.
src/voucher-system/services/PlatformBindingService.ts(111,50): error TS2344: Type 'UserRewardLimit' does not satisfy the constraint '{ id: string; }'.
  Property 'id' is missing in type 'UserRewardLimit' but required in type '{ id: string; }'.
src/voucher-system/services/PlatformBindingService.ts(153,54): error TS2345: Argument of type 'UserRewardLimit[]' is not assignable to parameter of type '{ id: string; }[]'.
  Property 'id' is missing in type 'UserRewardLimit' but required in type '{ id: string; }'.
src/voucher-system/services/PlatformBindingService.ts(446,59): error TS2345: Argument of type 'string' is not assignable to parameter of type 'VoucherEventType'.
src/voucher-system/services/PlatformBindingService.ts(454,19): error TS2339: Property 'success' does not exist on type 'void'.
src/voucher-system/services/PlatformBindingService.ts(454,37): error TS2339: Property 'vouchers' does not exist on type 'void'.
src/voucher-system/services/PlatformBindingService.ts(455,48): error TS2339: Property 'message' does not exist on type 'void'.
src/voucher-system/services/PlatformBindingService.ts(469,27): error TS2339: Property 'vouchers' does not exist on type 'void'.
src/voucher-system/services/PlatformBindingService.ts(470,24): error TS2339: Property 'vouchers' does not exist on type 'void'.
src/voucher-system/services/PlatformBindingService.ts(472,9): error TS2741: Property 'event' is missing in type 'Record<string, any>' but required in type '{ [key: string]: any; event: string; score?: number | undefined; difficulty?: string | undefined; level?: number | undefined; duration?: number | undefined; }'.
src/voucher-system/services/PlatformBindingService.ts(473,24): error TS2339: Property 'source' does not exist on type 'void'.
src/voucher-system/services/PlatformBindingService.ts(531,11): error TS6133: 'allocationMode' is declared but its value is never read.
src/voucher-system/services/PlatformBindingService.ts(545,18): error TS7006: Parameter 'a' implicitly has an 'any' type.
src/voucher-system/services/PlatformBindingService.ts(545,21): error TS7006: Parameter 'b' implicitly has an 'any' type.
src/voucher-system/services/PlatformBindingService.ts(546,17): error TS7006: Parameter 't' implicitly has an 'any' type.
src/voucher-system/services/PlatformBindingService.ts(637,115): error TS2345: Argument of type 'Voucher' is not assignable to parameter of type 'string'.
src/voucher-system/services/PlatformBindingService.ts(683,9): error TS2741: Property 'event' is missing in type 'Record<string, any>' but required in type '{ [key: string]: any; event: string; score?: number | undefined; difficulty?: string | undefined; level?: number | undefined; duration?: number | undefined; }'.
src/voucher-system/services/PlatformBindingService.ts(752,12): error TS1361: 'TriggerMode' cannot be used as a value because it was imported using 'import type'.
src/voucher-system/services/PlatformBindingService.ts(754,12): error TS1361: 'TriggerMode' cannot be used as a value because it was imported using 'import type'.
src/voucher-system/services/PlatformBindingService.ts(756,12): error TS1361: 'TriggerMode' cannot be used as a value because it was imported using 'import type'.
src/voucher-system/services/PlatformBindingService.ts(758,12): error TS1361: 'TriggerMode' cannot be used as a value because it was imported using 'import type'.
src/voucher-system/services/PlatformBindingService.ts(858,5): error TS6133: 'amount' is declared but its value is never read.
src/voucher-system/services/PlatformBindingService.ts(861,5): error TS6133: 'operatorId' is declared but its value is never read.
src/voucher-system/services/PlatformBindingService.ts(910,19): error TS6133: 'operatorId' is declared but its value is never read.
src/voucher-system/services/UserPoolService.ts(15,30): error TS6133: 'Voucher' is declared but its value is never read.
src/voucher-system/services/UserPoolService.ts(16,51): error TS6133: 'upsertToCloud' is declared but its value is never read.
src/voucher-system/services/VoteFraudDetector.ts(274,11): error TS6133: 'recentVotes' is declared but its value is never read.
src/voucher-system/services/VoteFraudDetector.ts(393,11): error TS6133: 'total' is declared but its value is never read.
src/voucher-system/services/VoteFraudDetector.ts(441,11): error TS6133: 'avg' is declared but its value is never read.
src/voucher-system/services/VoteFraudDetector.ts(443,11): error TS6133: 'minVal' is declared but its value is never read.
src/voucher-system/services/VoteVoucherService.ts(34,8): error TS6133: 'ProposalVoteRecord' is declared but its value is never read.
src/voucher-system/services/VoteVoucherService.ts(44,7): error TS6133: 'MAX_BATCH_SIZE' is declared but its value is never read.
src/voucher-system/services/VoucherService.ts(22,8): error TS6133: 'AlgorithmVoucherInfo' is declared but its value is never read.
src/voucher-system/services/VoucherService.ts(55,7): error TS6133: 'hashHi' is declared but its value is never read.
src/voucher-system/services/VoucherService.ts(260,5): error TS6133: 'operatorName' is declared but its value is never read.
src/voucher-system/services/VoucherService.ts(462,5): error TS6133: 'operatorId' is declared but its value is never read.
src/voucher-system/services/VoucherService.ts(463,5): error TS6133: 'operatorName' is declared but its value is never read.
src/voucher-system/settlement/PlatformDataCollector.ts(8,3): error TS2459: Module '"../services/AlgorithmVoucherService"' declares 'UserPersonalData' locally, but it is not exported.
src/voucher-system/settlement/PlatformDataCollector.ts(56,11): error TS6133: 'cache' is declared but its value is never read.
src/voucher-system/settlement/PlatformDataCollector.ts(111,39): error TS6133: 'startDate' is declared but its value is never read.
src/voucher-system/settlement/PlatformDataCollector.ts(111,58): error TS6133: 'endDate' is declared but its value is never read.
src/voucher-system/settlement/PlatformDataCollector.ts(130,34): error TS6133: 'startDate' is declared but its value is never read.
src/voucher-system/settlement/PlatformDataCollector.ts(130,53): error TS6133: 'endDate' is declared but its value is never read.
src/voucher-system/settlement/PlatformDataCollector.ts(225,13): error TS6133: 'users' is declared but its value is never read.
src/voucher-system/settlement/PlatformDataCollector.ts(252,5): error TS6133: 'userId' is declared but its value is never read.
src/voucher-system/settlement/PlatformDataCollector.ts(253,5): error TS6133: 'startDate' is declared but its value is never read.
src/voucher-system/settlement/PlatformDataCollector.ts(254,5): error TS6133: 'endDate' is declared but its value is never read.
src/voucher-system/settlement/PlatformDataCollector.ts(349,44): error TS6133: 'startDate' is declared but its value is never read.
src/voucher-system/settlement/PlatformDataCollector.ts(349,63): error TS6133: 'endDate' is declared but its value is never read.
src/voucher-system/settlement/PlatformDataCollector.ts(370,32): error TS6133: 'gameId' is declared but its value is never read.
src/voucher-system/settlement/PlatformDataCollector.ts(370,48): error TS6133: 'startDate' is declared but its value is never read.
src/voucher-system/settlement/PlatformDataCollector.ts(370,67): error TS6133: 'endDate' is declared but its value is never read.
src/voucher-system/settlement/PlatformDataCollector.ts(378,29): error TS6133: 'gameId' is declared but its value is never read.
src/voucher-system/settlement/PlatformDataCollector.ts(378,45): error TS6133: 'startDate' is declared but its value is never read.
src/voucher-system/settlement/PlatformDataCollector.ts(378,64): error TS6133: 'endDate' is declared but its value is never read.
src/voucher-system/settlement/PlatformDataCollector.ts(386,31): error TS6133: 'gameId' is declared but its value is never read.
src/voucher-system/settlement/PlatformDataCollector.ts(386,47): error TS6133: 'startDate' is declared but its value is never read.
src/voucher-system/settlement/PlatformDataCollector.ts(386,66): error TS6133: 'endDate' is declared but its value is never read.
src/voucher-system/settlement/PlatformDataCollector.ts(394,28): error TS6133: 'gameId' is declared but its value is never read.
src/voucher-system/settlement/PlatformDataCollector.ts(394,44): error TS6133: 'startDate' is declared but its value is never read.
src/voucher-system/settlement/PlatformDataCollector.ts(394,63): error TS6133: 'endDate' is declared but its value is never read.
src/voucher-system/settlement/SettlementScheduler.ts(10,3): error TS6196: 'SettlementCycleType' is declared but never used.
src/voucher-system/settlement/SettlementScheduler.ts(11,3): error TS6196: 'SettlementStatus' is declared but never used.
src/voucher-system/storage/VoucherDatabase.ts(41,11): error TS6133: 'cacheInitialized' is declared but its value is never read.
src/voucher-system/storage/VoucherDatabase.ts(427,5): error TS2739: Type '{ totalVouchers: number; totalValue: number; activeVouchers: number; totalTransactions: number; totalTransfers: number; uniqueHolders: number; systemCapacity: number; utilizationRate: number; }' is missing the following properties from type 'VoucherSystemStats': totalDistributed, totalRecycled, activeRules
src/voucher-system/templates.ts(45,9): error TS2741: Property 'mode' is missing in type '{}' but required in type '{ mode: "fixed" | "ratio" | "tiered" | "formula"; fixedAmount?: number | undefined; ratio?: number | undefined; tieredAmounts?: TieredAmount[] | undefined; formula?: string | undefined; }'.
src/voucher-system/templates.ts(67,9): error TS2741: Property 'mode' is missing in type '{}' but required in type '{ mode: "fixed" | "ratio" | "tiered" | "formula"; fixedAmount?: number | undefined; ratio?: number | undefined; tieredAmounts?: TieredAmount[] | undefined; formula?: string | undefined; }'.
src/voucher-system/templates.ts(89,9): error TS2741: Property 'mode' is missing in type '{}' but required in type '{ mode: "fixed" | "ratio" | "tiered" | "formula"; fixedAmount?: number | undefined; ratio?: number | undefined; tieredAmounts?: TieredAmount[] | undefined; formula?: string | undefined; }'.
src/voucher-system/templates.ts(265,9): error TS2741: Property 'mode' is missing in type '{}' but required in type '{ mode: "fixed" | "ratio" | "tiered" | "formula"; fixedAmount?: number | undefined; ratio?: number | undefined; tieredAmounts?: TieredAmount[] | undefined; formula?: string | undefined; }'.
src/voucher-system/templates.ts(276,9): error TS2741: Property 'mode' is missing in type '{}' but required in type '{ mode: "fixed" | "ratio" | "tiered" | "formula"; fixedAmount?: number | undefined; ratio?: number | undefined; tieredAmounts?: TieredAmount[] | undefined; formula?: string | undefined; }'.
src/voucher-system/templates.ts(335,9): error TS2741: Property 'mode' is missing in type '{}' but required in type '{ mode: "fixed" | "ratio" | "tiered" | "formula"; fixedAmount?: number | undefined; ratio?: number | undefined; tieredAmounts?: TieredAmount[] | undefined; formula?: string | undefined; }'.
src/voucher-system/templates.ts(388,9): error TS2741: Property 'mode' is missing in type '{}' but required in type '{ mode: "fixed" | "ratio" | "tiered" | "formula"; fixedAmount?: number | undefined; ratio?: number | undefined; tieredAmounts?: TieredAmount[] | undefined; formula?: string | undefined; }'.
src/voucher-system/templates.ts(455,9): error TS2741: Property 'mode' is missing in type '{}' but required in type '{ mode: "fixed" | "ratio" | "tiered" | "formula"; fixedAmount?: number | undefined; ratio?: number | undefined; tieredAmounts?: TieredAmount[] | undefined; formula?: string | undefined; }'.
src/voucher-system/templates.ts(466,9): error TS2741: Property 'mode' is missing in type '{}' but required in type '{ mode: "fixed" | "ratio" | "tiered" | "formula"; fixedAmount?: number | undefined; ratio?: number | undefined; tieredAmounts?: TieredAmount[] | undefined; formula?: string | undefined; }'.
src/voucher-system/templates.ts(477,9): error TS2741: Property 'mode' is missing in type '{}' but required in type '{ mode: "fixed" | "ratio" | "tiered" | "formula"; fixedAmount?: number | undefined; ratio?: number | undefined; tieredAmounts?: TieredAmount[] | undefined; formula?: string | undefined; }'.
src/voucher-system/templates.ts(548,9): error TS2741: Property 'mode' is missing in type '{}' but required in type '{ mode: "fixed" | "ratio" | "tiered" | "formula"; fixedAmount?: number | undefined; ratio?: number | undefined; tieredAmounts?: TieredAmount[] | undefined; formula?: string | undefined; }'.
src/voucher-system/templates.ts(602,9): error TS2741: Property 'mode' is missing in type '{}' but required in type '{ mode: "fixed" | "ratio" | "tiered" | "formula"; fixedAmount?: number | undefined; ratio?: number | undefined; tieredAmounts?: TieredAmount[] | undefined; formula?: string | undefined; }'.
src/voucher-system/test-mock-data.ts(112,9): error TS2322: Type '"daily"' is not assignable to type 'SettlementCycleType'.
src/voucher-system/test-mock-data.ts(190,38): error TS2339: Property 'totalParticipants' does not exist on type 'SettlementCycle'.
src/voucher-system/test-mock-data.ts(191,39): error TS2339: Property 'totalDistributed' does not exist on type 'SettlementCycle'.
src/voucher-system/test-mock-data.ts(192,39): error TS2339: Property 'totalVouchersIssued' does not exist on type 'SettlementCycle'.
src/voucher-system/test-mock-data.ts(204,38): error TS2339: Property 'averagePerUser' does not exist on type 'SettlementCycle'.
src/voucher-system/test-mock-data.ts(207,16): error TS2339: Property 'userResults' does not exist on type 'SettlementCycle'.
src/voucher-system/test-mock-data.ts(209,14): error TS2339: Property 'userResults' does not exist on type 'SettlementCycle'.
src/voucher-system/test-mock-data.ts(210,16): error TS7006: Parameter 'a' implicitly has an 'any' type.
src/voucher-system/test-mock-data.ts(210,19): error TS7006: Parameter 'b' implicitly has an 'any' type.
src/voucher-system/test-mock-data.ts(212,19): error TS7006: Parameter 'user' implicitly has an 'any' type.
src/voucher-system/test-mock-data.ts(212,25): error TS7006: Parameter 'index' implicitly has an 'any' type.
src/voucher-system/test-mock-data.ts(223,52): error TS2339: Property 'userResults' does not exist on type 'SettlementCycle'.
src/voucher-system/test-mock-data.ts(223,68): error TS7006: Parameter 'r' implicitly has an 'any' type.
src/voucher-system/test-mock-data.ts(224,52): error TS2339: Property 'userResults' does not exist on type 'SettlementCycle'.
src/voucher-system/test-mock-data.ts(224,68): error TS7006: Parameter 'r' implicitly has an 'any' type.
src/voucher-system/test-mock-data.ts(225,53): error TS2339: Property 'userResults' does not exist on type 'SettlementCycle'.
src/voucher-system/test-mock-data.ts(225,69): error TS7006: Parameter 'r' implicitly has an 'any' type.
src/voucher-system/test-mock-data.ts(225,133): error TS2339: Property 'userResults' does not exist on type 'SettlementCycle'.
src/voucher-system/test-mock-data.ts(225,149): error TS7006: Parameter 'r' implicitly has an 'any' type.
src/voucher-system/types/algorithm.ts(6,1): error TS6192: All imports in import declaration are unused.
src/voucher-system/types/algorithm.ts(6,67): error TS2307: Cannot find module './index' or its corresponding type declarations.
src/voucher-system/types/platform.ts(6,1): error TS6133: 'DistributionRule' is declared but its value is never read.
